// Jest Snapshot v1, https://goo.gl/fbAQLP

exports[`renderer.ts Renderer download svg 1`] = `
Object {
  "data": "data:image/svg+xml;base64,PHN2ZyB3aWR0aD0iMCIgaGVpZ2h0PSIwIiB2ZXJzaW9uPSIxLjEiIHhtbG5zPSJodHRwOi8vd3d3LnczLm9yZy8yMDAwL3N2ZyI+PHBhdGggc3Ryb2tlLXdpZHRoPSIxIiBmaWxsPSJub25lIiBzdHJva2U9IiMwMDAiIHN0cm9rZS1saW5lY2FwPSJyb3VuZCIgc3Ryb2tlLWxpbmVqb2luPSJyb3VuZCIgZD0iTSAwIDAgQyAwLjIgMC4yIDAuNiAwLjggMSAxIEMgMS40IDEuMiAxLjYgMS4yIDIgMSBDIDIuNCAwLjggMi44IDAuMiAzIDAiPjwvcGF0aD48cGF0aCBzdHJva2Utd2lkdGg9IjEiIGZpbGw9Im5vbmUiIHN0cm9rZT0iIzAwMCIgc3Ryb2tlLWxpbmVjYXA9InNxdWFyZSIgc3Ryb2tlLWxpbmVqb2luPSJtaXR0ZXIiIGQ9Ik0gNCA0IEwgOSA0IEwgOSA4IEwgMyAwIFoiPjwvcGF0aD48L3N2Zz4=",
  "extension": "svg",
}
`;
