// Jest Snapshot v1, https://goo.gl/fbAQLP

exports[`renderer.ts Renderer download svg 1`] = `
Object {
  "data": "data:image/svg+xml;base64,PHN2ZyB2ZXJzaW9uPSIxLjEiIHhtbG5zPSJodHRwOi8vd3d3LnczLm9yZy8yMDAwL3N2ZyIgeG1sbnM6eGxpbms9Imh0dHA6Ly93d3cudzMub3JnLzE5OTkveGxpbmsiIHdpZHRoPSIwIiBoZWlnaHQ9IjAiPjxwYXRoIHN0cm9rZS13aWR0aD0iMSIgZmlsbD0ibm9uZSIgc3Ryb2tlPSIjMDAwIiBzdHJva2UtbGluZWNhcD0icm91bmQiIHN0cm9rZS1saW5lam9pbj0icm91bmQiIGQ9Ik0gMCAwIEMgMC4yIDAuMiAwLjYgMC44IDEgMSBDIDEuNCAxLjIgMS42IDEuMiAyIDEgQyAyLjQgMC44IDIuOCAwLjIgMyAwIj48L3BhdGg+PHBhdGggc3Ryb2tlLXdpZHRoPSIxIiBmaWxsPSJub25lIiBzdHJva2U9IiMwMDAiIHN0cm9rZS1saW5lY2FwPSJzcXVhcmUiIHN0cm9rZS1saW5lam9pbj0ibWl0dGVyIiBkPSJNIDQgNCBMIDkgNCBMIDkgOCBMIDMgMCBaIj48L3BhdGg+PC9zdmc+",
  "extension": "svg",
}
`;
